../Src/main.c:58:5:main	8	static
../Src/main.c:76:6:idle_task	4	static
../Src/main.c:81:6:task1_handler	8	static
../Src/main.c:92:6:task2_handler	8	static
../Src/main.c:103:6:task3_handler	8	static
../Src/main.c:114:6:task4_handler	8	static
../Src/main.c:125:6:init_systick_timer	32	static
../Src/main.c:144:29:init_scheduler_stack	0	static,ignoring_inline_asm
../Src/main.c:153:6:init_tasks_stack	24	static
../Src/main.c:198:6:enable_processor_faults	16	static
../Src/main.c:207:10:get_psp_value	4	static
../Src/main.c:212:29:switch_sp_to_psp	0	static,ignoring_inline_asm
../Src/main.c:228:6:save_psp_value	16	static
../Src/main.c:233:6:update_next_task	16	static
../Src/main.c:249:29:PendSV_Handler	0	static,ignoring_inline_asm
../Src/main.c:286:6:schedule	16	static
../Src/main.c:293:6:task_delay	16	static,ignoring_inline_asm
../Src/main.c:308:6:update_global_tick_count	4	static
../Src/main.c:313:6:unblock_tasks	16	static
../Src/main.c:327:6:SysTick_Handler	16	static
../Src/main.c:338:6:HardFault_Handler	8	static
../Src/main.c:345:6:MemManage_Handler	8	static
../Src/main.c:351:6:BusFault_Handler	8	static
