23:02:24 **** Incremental Build of configuration Debug for project task_scheduler ****
make -j12 all 
arm-none-eabi-gcc "../Src/main.c" -mcpu=cortex-m4 -std=gnu11 -g3 -DDEBUG -DNUCLEO_F401RE -DSTM32 -DSTM32F401RETx -DSTM32F4 -c -I../Inc -O0 -ffunction-sections -fdata-sections -Wall -fstack-usage -fcyclomatic-complexity -MMD -MP -MF"Src/main.d" -MT"Src/main.o" --specs=nano.specs -mfpu=fpv4-sp-d16 -mfloat-abi=hard -mthumb -o "Src/main.o"
../Src/main.c:22:4: warning: #warning "FPU is not initialized, but the project is compiling for an FPU. Please initialize the FPU before use." [-Wcpp]
   22 |   #warning "FPU is not initialized, but the project is compiling for an FPU. Please initialize the FPU before use."
      |    ^~~~~~~
arm-none-eabi-gcc -o "task_scheduler.elf" @"objects.list"   -mcpu=cortex-m4 -T"D:\Arm Cortex Core\Code Workspace\task_scheduler\STM32F401RETX_FLASH.ld" --specs=nosys.specs -Wl,-Map="task_scheduler.map" -Wl,--gc-sections -static --specs=nano.specs -mfpu=fpv4-sp-d16 -mfloat-abi=hard -mthumb -Wl,--start-group -lc -lm -Wl,--end-group
Finished building target: task_scheduler.elf
 
arm-none-eabi-size  task_scheduler.elf 
arm-none-eabi-objdump -h -S task_scheduler.elf  > "task_scheduler.list"
   text	   data	    bss	    dec	    hex	filename
    664	      0	   1568	   2232	    8b8	task_scheduler.elf
Finished building: default.size.stdout
 
Finished building: task_scheduler.list
 

23:02:27 Build Finished. 0 errors, 1 warnings. (took 3s.509ms)

